Microchip MPLAB XC8 Compiler V1.42 ()

Linker command line:

-W-3 --edf=D:\Program Files (x86)\Microchip\xc8\v1.42\dat\en_msgs.txt -cs \
  -h+dist/default/production\VoltMeter-PIC.X.production.sym \
  --cmf=dist/default/production\VoltMeter-PIC.X.production.cmf -z -Q16F88 \
  -oD:\boxin\Temp\sdck.2 \
  -Mdist/default/production/VoltMeter-PIC.X.production.map -E1 -ver=XC8 \
  -ASTACK=0110h-016fh -pstack=STACK -ACODE=00h-07FFhx2 -ASTRCODE=00h-0FFFh \
  -ASTRING=00h-0FFhx16 -ACONST=00h-0FFhx16 -AENTRY=00h-0FFhx16 \
  -ACOMMON=070h-07Fh -ABANK0=020h-06Fh -ABANK1=0A0h-0EFh \
  -ABANK2=0110h-016Fh -ABANK3=0190h-01EFh \
  -ARAM=020h-06Fh,0A0h-0EFh,0110h-016Fh,0190h-01EFh \
  -AABS1=020h-07Fh,0A0h-0EFh,0110h-016Fh,0190h-01EFh -ASFR0=00h-01Fh \
  -ASFR1=080h-09Fh -ASFR2=0100h-010Fh -ASFR3=0180h-018Fh \
  -preset_vec=00h,intentry,init,end_init -ppowerup=CODE -pcinit=CODE \
  -pfunctab=CODE -ACONFIG=02007h-02008h -pconfig=CONFIG -DCONFIG=2 \
  -AIDLOC=02000h-02003h -pidloc=IDLOC -DIDLOC=2 -AEEDATA=00h-0FFh/02100h \
  -peeprom_data=EEDATA -DEEDATA=2 -DCODE=2 -DSTRCODE=2 -DSTRING=2 -DCONST=2 \
  -DENTRY=2 -k D:\boxin\Temp\sdck.obj \
  dist/default/production\VoltMeter-PIC.X.production.obj 

Object code version is 3.11

Machine type is 16F88



                Name                               Link     Load   Length Selector   Space Scale
D:\boxin\Temp\sdck.obj
                end_init                              0        0        2        0       0
                config                             2007     2007        2     400E       0
dist/default/production\VoltMeter-PIC.X.production.obj
                cinit                               7F2      7F2        E      FE4       0
                text11                              2F9      2F9       51      5F2       0
                text10                              34A      34A       59      694       0
                text9                               3A3      3A3       5D      746       0
                text8                               28D      28D       27      51A       0
                text7                               400      400       6C      800       0
                text6                               249      249       20      492       0
                text5                               57A      57A       D2      AF4       0
                text4                               4EC      4EC       8E      9D8       0
                text3                               269      269       24      4D2       0
                swtext1                               2        2       14        4       0
                text2                               46C      46C       80      8D8       0
                text1                               64C      64C      1A6      C98       0
                maintext                            2B4      2B4       45      568       0
                cstackBANK0                          20       20       38       20       1
                cstackCOMMON                         70       70        E       70       1
                inittext                            229      229       10      452       0
                dataBANK0                            58       58       10       20       1
                idataBANK0                          239      239       10      472       0

TOTAL           Name                               Link     Load   Length     Space
        CLASS   STACK          

        CLASS   CODE           
                end_init                              0        0        2         0
                cinit                               7F2      7F2        E         0
                text11                              2F9      2F9       51         0
                text10                              34A      34A       59         0
                text9                               3A3      3A3       5D         0
                text8                               28D      28D       27         0
                text7                               400      400       6C         0
                text6                               249      249       20         0
                text5                               57A      57A       D2         0
                text4                               4EC      4EC       8E         0
                text3                               269      269       24         0
                text2                               46C      46C       80         0
                text1                               64C      64C      1A6         0
                maintext                            2B4      2B4       45         0
                inittext                            229      229       10         0
                idataBANK0                          239      239       10         0

        CLASS   STRCODE        

        CLASS   STRING         

        CLASS   CONST          
                swtext1                               2        2       14         0

        CLASS   ENTRY          

        CLASS   COMMON         
                cstackCOMMON                         70       70        E         1

        CLASS   BANK0          
                cstackBANK0                          20       20       38         1
                dataBANK0                            58       58       10         1

        CLASS   BANK1          

        CLASS   BANK2          

        CLASS   BANK3          

        CLASS   RAM            

        CLASS   ABS1           
                abs_s1                               7E       7E        2         1

        CLASS   SFR0           

        CLASS   SFR1           

        CLASS   SFR2           

        CLASS   SFR3           

        CLASS   CONFIG         
                config                             2007     2007        2         0

        CLASS   IDLOC          

        CLASS   EEDATA         



SEGMENTS        Name                           Load    Length   Top    Selector   Space  Class     Delta

                reset_vec                      000000  000002  000002         0       0  CODE        2
                swtext1                        000002  000014  000016         4       0  CONST       2
                cstackBANK0                    000020  000048  000068        20       1  BANK0       1
                cstackCOMMON                   000070  00000E  00007E        70       1  COMMON      1
                inittext                       000229  000010  000239       452       0  CODE        2
                idataBANK0                     000239  000010  000249       472       0  CODE        2
                text6                          000249  000020  000269       492       0  CODE        2
                text3                          000269  000024  00028D       4D2       0  CODE        2
                text8                          00028D  000027  0002B4       51A       0  CODE        2
                maintext                       0002B4  000045  0002F9       568       0  CODE        2
                text11                         0002F9  000051  00034A       5F2       0  CODE        2
                text10                         00034A  000059  0003A3       694       0  CODE        2
                text9                          0003A3  00005D  000400       746       0  CODE        2
                text7                          000400  00006C  00046C       800       0  CODE        2
                text2                          00046C  000080  0004EC       8D8       0  CODE        2
                text4                          0004EC  00008E  00057A       9D8       0  CODE        2
                text5                          00057A  0000D2  00064C       AF4       0  CODE        2
                text1                          00064C  0001A6  0007F2       C98       0  CODE        2
                cinit                          0007F2  00000E  000800       FE4       0  CODE        2
                config                         002007  000002  002009      400E       0  CONFIG      2


UNUSED ADDRESS RANGES

        Name                Unused          Largest block    Delta
        BANK0            0068-006F              8           1
        BANK1            00A0-00EF             50           1
        BANK2            0110-016F             60           1
        BANK3            0190-01EF             60           1
        CODE             0016-0228            213           2
                         0800-0FFF            800
        CONST            0016-0228            100           2
                         0800-0FFF            100
        EEDATA           2100-21FF            100           2
        ENTRY            0016-0228            100           2
                         0800-0FFF            100
        IDLOC            2000-2003              4           2
        RAM              0068-006F              8           1
                         00A0-00EF             50
                         0110-016F             60
                         0190-01EF             60
        SFR0             0000-001F             20           1
        SFR1             0080-009F             20           1
        SFR2             0100-010F             10           1
        SFR3             0180-018F             10           1
        STACK            0110-016F             60           1
        STRCODE          0016-0228            213           2
                         0800-0FFF            800
        STRING           0016-0228            100           2
                         0800-0FFF            100

                                  Symbol Table

?___awdiv                cstackCOMMON 0070
?___awtoft               cstackCOMMON 0078
?___ftmul                cstackBANK0  0020
?___ftpack               cstackCOMMON 0070
?___fttol                cstackBANK0  0030
?___wmul                 cstackCOMMON 0079
?_convertAD              cstackCOMMON 0070
_ADCON0                  (abs)        001F
_ADCON0bits              (abs)        001F
_ADCON1                  (abs)        009F
_ADRESH                  (abs)        001E
_ADRESL                  (abs)        009E
_ANSEL                   (abs)        009B
_OPTION_REGbits          (abs)        0081
_OSCCON                  (abs)        008F
_PORTA                   (abs)        0005
_PORTAbits               (abs)        0005
_PORTB                   (abs)        0006
_PORTBbits               (abs)        0006
_TRISA                   (abs)        0085
_TRISB                   (abs)        0086
__CFG_BOREN$OFF          (abs)        0000
__CFG_CCPMX$RB0          (abs)        0000
__CFG_CP$OFF             (abs)        0000
__CFG_CPD$OFF            (abs)        0000
__CFG_DEBUG$OFF          (abs)        0000
__CFG_FCMEN$OFF          (abs)        0000
__CFG_FOSC$INTOSCIO      (abs)        0000
__CFG_IESO$OFF           (abs)        0000
__CFG_LVP$OFF            (abs)        0000
__CFG_MCLRE$OFF          (abs)        0000
__CFG_PWRTE$OFF          (abs)        0000
__CFG_WDTE$OFF           (abs)        0000
__CFG_WRT$OFF            (abs)        0000
__Habs1                  abs1         0000
__Hbank0                 bank0        0000
__Hbank1                 bank1        0000
__Hbank2                 bank2        0000
__Hbank3                 bank3        0000
__Hcinit                 cinit        0800
__Hclrtext               clrtext      0000
__Hcode                  code         0000
__Hcommon                common       0000
__Hconfig                config       2009
__HcstackBANK0           cstackBANK0  0000
__HcstackCOMMON          cstackCOMMON 0000
__HdataBANK0             dataBANK0    0000
__Heeprom_data           eeprom_data  0000
__Hend_init              end_init     0002
__Hfunctab               functab      0000
__HidataBANK0            idataBANK0   0000
__Hidloc                 idloc        0000
__Hinit                  init         0000
__Hinittext              inittext     0000
__Hintentry              intentry     0000
__Hmaintext              maintext     0000
__Hpowerup               powerup      0000
__Hram                   ram          0000
__Hreset_vec             reset_vec    0000
__Hsfr0                  sfr0         0000
__Hsfr1                  sfr1         0000
__Hsfr2                  sfr2         0000
__Hsfr3                  sfr3         0000
__Hspace_0               (abs)        2009
__Hspace_1               (abs)        007E
__Hspace_2               (abs)        0000
__Hspace_3               (abs)        0000
__Hstack                 stack        0000
__Hstrings               strings      0000
__Htext                  text         0000
__Labs1                  abs1         0000
__Lbank0                 bank0        0000
__Lbank1                 bank1        0000
__Lbank2                 bank2        0000
__Lbank3                 bank3        0000
__Lcinit                 cinit        07F2
__Lclrtext               clrtext      0000
__Lcode                  code         0000
__Lcommon                common       0000
__Lconfig                config       2007
__LcstackBANK0           cstackBANK0  0000
__LcstackCOMMON          cstackCOMMON 0000
__LdataBANK0             dataBANK0    0000
__Leeprom_data           eeprom_data  0000
__Lend_init              end_init     0000
__Lfunctab               functab      0000
__LidataBANK0            idataBANK0   0000
__Lidloc                 idloc        0000
__Linit                  init         0000
__Linittext              inittext     0000
__Lintentry              intentry     0000
__Lmaintext              maintext     0000
__Lpowerup               powerup      0000
__Lram                   ram          0000
__Lreset_vec             reset_vec    0000
__Lsfr0                  sfr0         0000
__Lsfr1                  sfr1         0000
__Lsfr2                  sfr2         0000
__Lsfr3                  sfr3         0000
__Lspace_0               (abs)        0000
__Lspace_1               (abs)        0000
__Lspace_2               (abs)        0000
__Lspace_3               (abs)        0000
__Lstack                 stack        0000
__Lstrings               strings      0000
__Ltext                  text         0000
__S0                     (abs)        2009
__S1                     (abs)        007E
__S2                     (abs)        0000
__S3                     (abs)        0000
___awdiv                 text10       034A
___awdiv@counter         cstackCOMMON 0075
___awdiv@dividend        cstackCOMMON 0072
___awdiv@divisor         cstackCOMMON 0070
___awdiv@quotient        cstackCOMMON 0077
___awdiv@sign            cstackCOMMON 0076
___awtoft                text6        0249
___awtoft@c              cstackCOMMON 0078
___awtoft@sign           cstackCOMMON 007D
___ftge                  text9        03A3
___ftge@ff1              cstackCOMMON 0070
___ftge@ff2              cstackCOMMON 0073
___ftmul                 text5        057A
___ftmul@cntr            cstackBANK0  002E
___ftmul@exp             cstackBANK0  002A
___ftmul@f1              cstackBANK0  0020
___ftmul@f2              cstackBANK0  0023
___ftmul@f3_as_product   cstackBANK0  002B
___ftmul@sign            cstackBANK0  002F
___ftpack                text7        0400
___ftpack@arg            cstackCOMMON 0070
___ftpack@exp            cstackCOMMON 0073
___ftpack@sign           cstackCOMMON 0074
___fttol                 text4        04EC
___fttol@exp1            cstackBANK0  003D
___fttol@f1              cstackBANK0  0030
___fttol@lval            cstackBANK0  0039
___fttol@sign1           cstackBANK0  0038
___int_sp                stack        0000
___latbits               (abs)        0001
___sp                    stack        0000
___wmul                  text8        028D
___wmul@multiplicand     cstackCOMMON 007B
___wmul@multiplier       cstackCOMMON 0079
___wmul@product          cstackBANK0  0020
__end_of___awdiv         text10       03A3
__end_of___awtoft        text6        0269
__end_of___ftge          text9        0400
__end_of___ftmul         text5        064C
__end_of___ftpack        text7        046C
__end_of___fttol         text4        057A
__end_of___wmul          text8        02B4
__end_of__initialization cinit        07FD
__end_of_convertAD       text11       034A
__end_of_disp7WriteDig   text2        04EC
__end_of_disp7WriteNum   text1        07F2
__end_of_main            maintext     02F9
__end_of_pos             text3        028D
__initialization         cinit        07F2
__pcstackBANK0           cstackBANK0  0020
__pcstackCOMMON          cstackCOMMON 0070
__pdataBANK0             dataBANK0    0058
__pidataBANK0            idataBANK0   0239
__pmaintext              maintext     02B4
__pswtext1               swtext1      0002
__ptext1                 text1        064C
__ptext10                text10       034A
__ptext11                text11       02F9
__ptext2                 text2        046C
__ptext3                 text3        0269
__ptext4                 text4        04EC
__ptext5                 text5        057A
__ptext6                 text6        0249
__ptext7                 text7        0400
__ptext8                 text8        028D
__ptext9                 text9        03A3
__size_of___awdiv        (abs)        0000
__size_of___awtoft       (abs)        0000
__size_of___ftge         (abs)        0000
__size_of___ftmul        (abs)        0000
__size_of___ftpack       (abs)        0000
__size_of___fttol        (abs)        0000
__size_of___wmul         (abs)        0000
__size_of_convertAD      (abs)        0000
__size_of_disp7WriteDig  (abs)        0000
__size_of_disp7WriteNum  (abs)        0000
__size_of_main           (abs)        0000
__size_of_pos            (abs)        0000
_convertAD               text11       02F9
_disp7WriteDig           text2        046C
_disp7WriteNum           text1        064C
_disp7WriteNum$602       cstackBANK0  004F
_main                    maintext     02B4
_pos                     text3        0269
_t_ref                   dataBANK0    0066
btemp                    (abs)        007E
convertAD@F1250          dataBANK0    0058
convertAD@ch             cstackBANK0  002E
convertAD@config         cstackCOMMON 0070
convertAD@selecAN        cstackBANK0  0020
disp7WriteDig@digit      cstackBANK0  003E
disp7WriteDig@position   cstackBANK0  0040
disp7WriteNum@mul        cstackBANK0  004D
disp7WriteNum@num_f      cstackBANK0  0046
disp7WriteNum@num_i      cstackBANK0  0051
end_of_initialization    cinit        07FD
init_fetch0              inittext     0229
init_ram0                inittext     022D
intlevel0                functab      0000
intlevel1                functab      0000
intlevel2                functab      0000
intlevel3                functab      0000
intlevel4                functab      0000
intlevel5                functab      0000
main@measure             cstackBANK0  0053
main@result              cstackBANK0  0056
pos@digit                cstackCOMMON 0070
reset_vec                reset_vec    0000
stackhi                  (abs)        0000
stacklo                  (abs)        0000
start                    init         0000
start_initialization     cinit        07F2
wtemp0                   (abs)        007E


FUNCTION INFORMATION:

 *************** function _main *****************
 Defined at:
		line 34 in file "../newmain.c"
 Parameters:    Size  Location     Type
		None
 Auto vars:     Size  Location     Type
  measure         3   51[BANK0 ] float 
  result          2   54[BANK0 ] int 
 Return value:  Size  Location     Type
                  1    wreg      void 
 Registers used:
		wreg, fsr0l, fsr0h, status,2, status,0, pclath, cstack
 Tracked objects:
		On entry : 
		On exit  : 
		Unchanged: 
 Data sizes:     COMMON   BANK0   BANK1   BANK3   BANK2
      Params:         0       0       0       0       0
      Locals:         0       5       0       0       0
      Temps:          0       0       0       0       0
      Totals:         0       5       0       0       0
Total ram usage:        5 bytes
 Hardware stack levels required when called:    4
 This function calls:
		___awtoft
		___ftmul
		_convertAD
		_disp7WriteNum
 This function is called by:
		Startup code after reset
 This function uses a non-reentrant model


 *************** function _disp7WriteNum *****************
 Defined at:
		line 164 in file "D:/Desktop/VOLTMETER-PIC/VoltMeter-PIC.X/VoltPicLib.c"
 Parameters:    Size  Location     Type
  num_f           3   38[BANK0 ] float 
 Auto vars:     Size  Location     Type
  num_i           2   49[BANK0 ] int 
  mul             2   45[BANK0 ] int 
 Return value:  Size  Location     Type
                  1    wreg      void 
 Registers used:
		wreg, fsr0l, fsr0h, status,2, status,0, pclath, cstack
 Tracked objects:
		On entry : 
		On exit  : 
		Unchanged: 
 Data sizes:     COMMON   BANK0   BANK1   BANK3   BANK2
      Params:         0       3       0       0       0
      Locals:         0       6       0       0       0
      Temps:          0       4       0       0       0
      Totals:         0      13       0       0       0
Total ram usage:       13 bytes
 Hardware stack levels used:    1
 Hardware stack levels required when called:    3
 This function calls:
		___awdiv
		___awtoft
		___ftge
		___ftmul
		___fttol
		___wmul
		_disp7WriteDig
 This function is called by:
		_main
 This function uses a non-reentrant model


 *************** function _disp7WriteDig *****************
 Defined at:
		line 68 in file "D:/Desktop/VOLTMETER-PIC/VoltMeter-PIC.X/VoltPicLib.c"
 Parameters:    Size  Location     Type
  digit           2   30[BANK0 ] int 
  position        2   32[BANK0 ] int 
 Auto vars:     Size  Location     Type
		None
 Return value:  Size  Location     Type
                  1    wreg      void 
 Registers used:
		wreg, fsr0l, fsr0h, status,2, status,0, pclath, cstack
 Tracked objects:
		On entry : 
		On exit  : 
		Unchanged: 
 Data sizes:     COMMON   BANK0   BANK1   BANK3   BANK2
      Params:         0       4       0       0       0
      Locals:         0       0       0       0       0
      Temps:          0       4       0       0       0
      Totals:         0       8       0       0       0
Total ram usage:        8 bytes
 Hardware stack levels used:    1
 Hardware stack levels required when called:    2
 This function calls:
		___awtoft
		___ftmul
		___fttol
		_pos
 This function is called by:
		_disp7WriteNum
 This function uses a non-reentrant model


 *************** function _pos *****************
 Defined at:
		line 49 in file "D:/Desktop/VOLTMETER-PIC/VoltMeter-PIC.X/VoltPicLib.c"
 Parameters:    Size  Location     Type
  digit           2    0[COMMON] int 
 Auto vars:     Size  Location     Type
		None
 Return value:  Size  Location     Type
                  1    wreg      void 
 Registers used:
		wreg, fsr0l, fsr0h, status,2, status,0
 Tracked objects:
		On entry : 
		On exit  : 
		Unchanged: 
 Data sizes:     COMMON   BANK0   BANK1   BANK3   BANK2
      Params:         2       0       0       0       0
      Locals:         0       0       0       0       0
      Temps:          0       0       0       0       0
      Totals:         2       0       0       0       0
Total ram usage:        2 bytes
 Hardware stack levels used:    1
 This function calls:
		Nothing
 This function is called by:
		_disp7WriteDig
 This function uses a non-reentrant model


 *************** function ___fttol *****************
 Defined at:
		line 44 in file "D:\Program Files (x86)\Microchip\xc8\v1.42\sources\common\fttol.c"
 Parameters:    Size  Location     Type
  f1              3   16[BANK0 ] float 
 Auto vars:     Size  Location     Type
  lval            4   25[BANK0 ] unsigned long 
  exp1            1   29[BANK0 ] unsigned char 
  sign1           1   24[BANK0 ] unsigned char 
 Return value:  Size  Location     Type
                  4   16[BANK0 ] long 
 Registers used:
		wreg, status,2, status,0
 Tracked objects:
		On entry : 
		On exit  : 
		Unchanged: 
 Data sizes:     COMMON   BANK0   BANK1   BANK3   BANK2
      Params:         0       4       0       0       0
      Locals:         0       6       0       0       0
      Temps:          0       4       0       0       0
      Totals:         0      14       0       0       0
Total ram usage:       14 bytes
 Hardware stack levels used:    1
 This function calls:
		Nothing
 This function is called by:
		_disp7WriteDig
		_disp7WriteNum
 This function uses a non-reentrant model


 *************** function ___ftmul *****************
 Defined at:
		line 62 in file "D:\Program Files (x86)\Microchip\xc8\v1.42\sources\common\ftmul.c"
 Parameters:    Size  Location     Type
  f1              3    0[BANK0 ] float 
  f2              3    3[BANK0 ] float 
 Auto vars:     Size  Location     Type
  f3_as_produc    3   11[BANK0 ] unsigned um
  sign            1   15[BANK0 ] unsigned char 
  cntr            1   14[BANK0 ] unsigned char 
  exp             1   10[BANK0 ] unsigned char 
 Return value:  Size  Location     Type
                  3    0[BANK0 ] float 
 Registers used:
		wreg, status,2, status,0, pclath, cstack
 Tracked objects:
		On entry : 
		On exit  : 
		Unchanged: 
 Data sizes:     COMMON   BANK0   BANK1   BANK3   BANK2
      Params:         0       6       0       0       0
      Locals:         0       6       0       0       0
      Temps:          0       4       0       0       0
      Totals:         0      16       0       0       0
Total ram usage:       16 bytes
 Hardware stack levels used:    1
 Hardware stack levels required when called:    1
 This function calls:
		___ftpack
 This function is called by:
		_main
		_disp7WriteDig
		_disp7WriteNum
 This function uses a non-reentrant model


 *************** function ___awtoft *****************
 Defined at:
		line 32 in file "D:\Program Files (x86)\Microchip\xc8\v1.42\sources\common\awtoft.c"
 Parameters:    Size  Location     Type
  c               2    8[COMMON] int 
 Auto vars:     Size  Location     Type
  sign            1   13[COMMON] unsigned char 
 Return value:  Size  Location     Type
                  3    8[COMMON] float 
 Registers used:
		wreg, status,2, status,0, pclath, cstack
 Tracked objects:
		On entry : 
		On exit  : 
		Unchanged: 
 Data sizes:     COMMON   BANK0   BANK1   BANK3   BANK2
      Params:         3       0       0       0       0
      Locals:         1       0       0       0       0
      Temps:          2       0       0       0       0
      Totals:         6       0       0       0       0
Total ram usage:        6 bytes
 Hardware stack levels used:    1
 Hardware stack levels required when called:    1
 This function calls:
		___ftpack
 This function is called by:
		_main
		_disp7WriteDig
		_disp7WriteNum
 This function uses a non-reentrant model


 *************** function ___ftpack *****************
 Defined at:
		line 62 in file "D:\Program Files (x86)\Microchip\xc8\v1.42\sources\common\float.c"
 Parameters:    Size  Location     Type
  arg             3    0[COMMON] unsigned um
  exp             1    3[COMMON] unsigned char 
  sign            1    4[COMMON] unsigned char 
 Auto vars:     Size  Location     Type
		None
 Return value:  Size  Location     Type
                  3    0[COMMON] float 
 Registers used:
		wreg, status,2, status,0
 Tracked objects:
		On entry : 
		On exit  : 
		Unchanged: 
 Data sizes:     COMMON   BANK0   BANK1   BANK3   BANK2
      Params:         5       0       0       0       0
      Locals:         0       0       0       0       0
      Temps:          3       0       0       0       0
      Totals:         8       0       0       0       0
Total ram usage:        8 bytes
 Hardware stack levels used:    1
 This function calls:
		Nothing
 This function is called by:
		___awtoft
		___ftmul
 This function uses a non-reentrant model


 *************** function ___wmul *****************
 Defined at:
		line 15 in file "D:\Program Files (x86)\Microchip\xc8\v1.42\sources\common\Umul16.c"
 Parameters:    Size  Location     Type
  multiplier      2    9[COMMON] unsigned int 
  multiplicand    2   11[COMMON] unsigned int 
 Auto vars:     Size  Location     Type
  product         2    0[BANK0 ] unsigned int 
 Return value:  Size  Location     Type
                  2    9[COMMON] unsigned int 
 Registers used:
		wreg, status,2, status,0
 Tracked objects:
		On entry : 
		On exit  : 
		Unchanged: 
 Data sizes:     COMMON   BANK0   BANK1   BANK3   BANK2
      Params:         4       0       0       0       0
      Locals:         0       2       0       0       0
      Temps:          0       0       0       0       0
      Totals:         4       2       0       0       0
Total ram usage:        6 bytes
 Hardware stack levels used:    1
 This function calls:
		Nothing
 This function is called by:
		_disp7WriteNum
 This function uses a non-reentrant model


 *************** function ___ftge *****************
 Defined at:
		line 4 in file "D:\Program Files (x86)\Microchip\xc8\v1.42\sources\common\ftge.c"
 Parameters:    Size  Location     Type
  ff1             3    0[COMMON] float 
  ff2             3    3[COMMON] float 
 Auto vars:     Size  Location     Type
		None
 Return value:  Size  Location     Type
		None               void
 Registers used:
		wreg, status,2, status,0
 Tracked objects:
		On entry : 
		On exit  : 
		Unchanged: 
 Data sizes:     COMMON   BANK0   BANK1   BANK3   BANK2
      Params:         6       0       0       0       0
      Locals:         0       0       0       0       0
      Temps:          6       0       0       0       0
      Totals:        12       0       0       0       0
Total ram usage:       12 bytes
 Hardware stack levels used:    1
 This function calls:
		Nothing
 This function is called by:
		_disp7WriteNum
 This function uses a non-reentrant model


 *************** function ___awdiv *****************
 Defined at:
		line 6 in file "D:\Program Files (x86)\Microchip\xc8\v1.42\sources\common\awdiv.c"
 Parameters:    Size  Location     Type
  divisor         2    0[COMMON] int 
  dividend        2    2[COMMON] int 
 Auto vars:     Size  Location     Type
  quotient        2    7[COMMON] int 
  sign            1    6[COMMON] unsigned char 
  counter         1    5[COMMON] unsigned char 
 Return value:  Size  Location     Type
                  2    0[COMMON] int 
 Registers used:
		wreg, status,2, status,0
 Tracked objects:
		On entry : 
		On exit  : 
		Unchanged: 
 Data sizes:     COMMON   BANK0   BANK1   BANK3   BANK2
      Params:         4       0       0       0       0
      Locals:         4       0       0       0       0
      Temps:          1       0       0       0       0
      Totals:         9       0       0       0       0
Total ram usage:        9 bytes
 Hardware stack levels used:    1
 This function calls:
		Nothing
 This function is called by:
		_disp7WriteNum
 This function uses a non-reentrant model


 *************** function _convertAD *****************
 Defined at:
		line 28 in file "D:/Desktop/VOLTMETER-PIC/VoltMeter-PIC.X/VoltPicLib.c"
 Parameters:    Size  Location     Type
  config          2    0[COMMON] int 
 Auto vars:     Size  Location     Type
  selecAN        14    0[BANK0 ] int [7]
  ch              2   14[BANK0 ] int 
 Return value:  Size  Location     Type
                  2    0[COMMON] int 
 Registers used:
		wreg, fsr0l, fsr0h, status,2, status,0
 Tracked objects:
		On entry : 
		On exit  : 
		Unchanged: 
 Data sizes:     COMMON   BANK0   BANK1   BANK3   BANK2
      Params:         2       0       0       0       0
      Locals:         0      16       0       0       0
      Temps:          4       0       0       0       0
      Totals:         6      16       0       0       0
Total ram usage:       22 bytes
 Hardware stack levels used:    1
 This function calls:
		Nothing
 This function is called by:
		_main
 This function uses a non-reentrant model



MODULE INFORMATION

Module		Function		Class		Link	Load	Size
D:\Program Files (x86)\Microchip\xc8\v1.42\sources\common\awtoft.c
		___awtoft      		CODE           	0249	0000	33

D:\Program Files (x86)\Microchip\xc8\v1.42\sources\common\awtoft.c estimated size: 33

D:\Program Files (x86)\Microchip\xc8\v1.42\sources\common\float.c
		___ftpack      		CODE           	0400	0000	109

D:\Program Files (x86)\Microchip\xc8\v1.42\sources\common\float.c estimated size: 109

D:\Program Files (x86)\Microchip\xc8\v1.42\sources\common\ftmul.c
		___ftmul       		CODE           	057A	0000	211

D:\Program Files (x86)\Microchip\xc8\v1.42\sources\common\ftmul.c estimated size: 211

D:\Program Files (x86)\Microchip\xc8\v1.42\sources\common\Umul16.c
		___wmul        		CODE           	028D	0000	40

D:\Program Files (x86)\Microchip\xc8\v1.42\sources\common\Umul16.c estimated size: 40

shared
		__initialization		CODE           	07F2	0000	12

shared estimated size: 12

D:\Program Files (x86)\Microchip\xc8\v1.42\sources\common\awdiv.c
		___awdiv       		CODE           	034A	0000	90

D:\Program Files (x86)\Microchip\xc8\v1.42\sources\common\awdiv.c estimated size: 90

D:/Desktop/VOLTMETER-PIC/VoltMeter-PIC.X/VoltPicLib.c
		_pos           		CODE           	0269	0000	37
		_convertAD     		CODE           	02F9	0000	82
		_disp7WriteDig 		CODE           	046C	0000	129
		_disp7WriteNum 		CODE           	064C	0000	423

D:/Desktop/VOLTMETER-PIC/VoltMeter-PIC.X/VoltPicLib.c estimated size: 671

D:\Program Files (x86)\Microchip\xc8\v1.42\sources\common\fttol.c
		___fttol       		CODE           	04EC	0000	143

D:\Program Files (x86)\Microchip\xc8\v1.42\sources\common\fttol.c estimated size: 143

../newmain.c
		_main          		CODE           	02B4	0000	70

../newmain.c estimated size: 70

D:\Program Files (x86)\Microchip\xc8\v1.42\sources\common\ftge.c
		___ftge        		CODE           	03A3	0000	94

D:\Program Files (x86)\Microchip\xc8\v1.42\sources\common\ftge.c estimated size: 94

